[www.ecchouk.co.uk/index.html]
[backblue.gif]
[fade.gif]
[index.html]
[www.ecchouk.co.uk/index-2.html]
[www.ecchouk.co.uk/assets/img/favicon.png]
[www.ecchouk.co.uk/assets/css/bootstrap.min.css]
[www.ecchouk.co.uk/assets/css/icons.min.css]
[www.ecchouk.co.uk/assets/css/plugins.css]
[www.ecchouk.co.uk/assets/css/style.css]
[www.ecchouk.co.uk/assets/js/vendor/modernizr-2.8.3.min.js]
[www.ecchouk.co.uk/assets/img/logo/eccho.png]
[www-cdn.icef.com/scripts/iasbadgeid.js]
[www.ecchouk.co.uk/about-us.html]
[www.ecchouk.co.uk/services.html]
[www.ecchouk.co.uk/study-in-united-kingdom.html]
[www.ecchouk.co.uk/study-in-ireland.html]
[www.ecchouk.co.uk/study-in-canada.html]
[www.ecchouk.co.uk/study-in-usa.html]
[www.ecchouk.co.uk/study-in-australia.html]
[www.ecchouk.co.uk/study-in-germany.html]
[www.ecchouk.co.uk/contact.html]
[www.ecchouk.co.uk/assets/img/slider/slider-11.jpg]
[www.ecchouk.co.uk/assets/img/slider/single-slide-11.png]
[www.ecchouk.co.uk/assets/img/slider/slider-1-3.jpg]
[www.ecchouk.co.uk/assets/img/icon-img/service-99.png]
[www.ecchouk.co.uk/assets/img/icon-img/service-2.png]
[www.ecchouk.co.uk/assets/img/icon-img/service-111.png]
[www.ecchouk.co.uk/assets/img/icon-img/service-122.png]
[www.ecchouk.co.uk/assets/img/about-us.png]
[www.ecchouk.co.uk/assets/img/bg/bg-1.jpg]
[www.ecchouk.co.uk/assets/img/study-in-uk-thumb.png]
[www.ecchouk.co.uk/assets/img/study-in-ireland-thumb.png]
[www.ecchouk.co.uk/assets/img/study-in-canada-thumb.png]
[www.ecchouk.co.uk/assets/img/study-in-usa-thumb.png]
[www.ecchouk.co.uk/assets/img/study-in-australia-thumb.png]
[www.ecchouk.co.uk/assets/img/icon-img/achieve-1.png]
[www.ecchouk.co.uk/assets/img/icon-img/achieve-2.png]
[www.ecchouk.co.uk/assets/img/icon-img/achieve-3.png]
[www.ecchouk.co.uk/assets/img/icon-img/achieve-4.png]
[www.ecchouk.co.uk/assets/img/testimonial/testi-b1.jpg]
[www.ecchouk.co.uk/assets/img/bg/testi.png]
[www.ecchouk.co.uk/assets/img/icon-img/testi-icon.png]
[www.ecchouk.co.uk/assets/img/testimonial/testi-b4.jpg]
[www.ecchouk.co.uk/assets/img/testimonial/testi-b5.jpg]
[www.ecchouk.co.uk/assets/img/testimonial/testi-b6.jpg]
[www.ecchouk.co.uk/assets/img/testimonial/testi-b7.jpg]
[www.ecchouk.co.uk/assets/img/testimonial/testi-b8.jpg]
[www.ecchouk.co.uk/assets/img/testimonial/testi-b10.jpg]
[www.ecchouk.co.uk/assets/img/testimonial/testi-b11.jpg]
[www.ecchouk.co.uk/assets/img/testimonial/testi-b12.jpg]
[www.ecchouk.co.uk/assets/img/testimonial/testi-b13.jpg]
[www.ecchouk.co.uk/assets/img/testimonial/testi-s1.jpg]
[www.ecchouk.co.uk/assets/img/testimonial/testi-s4.jpg]
[www.ecchouk.co.uk/assets/img/testimonial/testi-s5.jpg]
[www.ecchouk.co.uk/assets/img/testimonial/testi-s6.jpg]
[www.ecchouk.co.uk/assets/img/testimonial/testi-s7.jpg]
[www.ecchouk.co.uk/assets/img/testimonial/testi-s8.jpg]
[www.ecchouk.co.uk/assets/img/testimonial/testi-s10.jpg]
[www.ecchouk.co.uk/assets/img/testimonial/testi-s11.jpg]
[www.ecchouk.co.uk/assets/img/testimonial/testi-s12.jpg]
[www.ecchouk.co.uk/assets/img/testimonial/testi-s13.jpg]
[www.ecchouk.co.uk/assets/img/icon-img/testi-text.png]
[www.ecchouk.co.uk/assets/img/bg/bg-2.jpg]
[www.ecchouk.co.uk/assets/img/banner/regi-1.png]
[www.ecchouk.co.uk/assets/img/bg/bg-4.jpg]
[www.ecchouk.co.uk/assets/js/vendor/jquery-1.12.4.min.js]
[www.ecchouk.co.uk/assets/js/popper.min.js]
[www.ecchouk.co.uk/assets/js/bootstrap.min.js]
[www.ecchouk.co.uk/assets/js/plugins.js]
[www.ecchouk.co.uk/assets/js/ajax-mail.js]
[www.ecchouk.co.uk/assets/js/main.js]
[www.ecchouk.co.uk/assets/js/wow.min.js]
[img1.wsimg.com/signals/js/clients/scc-c2/scc-c2.min.js]
[www.ecchouk.co.uk/index.html]
[www.ecchouk.co.uk/index-2.html]
[www.ecchouk.co.uk/www.ecchouk.co.uk/favicon_big.html]
[www.ecchouk.co.uk/assets/css/bootstrap.min.css]
[www.ecchouk.co.uk/maxcdn.bootstrapcdn.com/font-awesome/4.6.3/css/font-awesome.min.html]
[www.ecchouk.co.uk/assets/fonts/Material-Design-Iconic-Fontd1f1d1f1d1f1.woff2]
[www.ecchouk.co.uk/assets/fonts/Material-Design-Iconic-Fontd1f1d1f1d1f1.woff]
[www.ecchouk.co.uk/assets/fonts/Material-Design-Iconic-Fontd1f1d1f1d1f1.ttf]
[www.ecchouk.co.uk/assets/fonts/fontawesome-webfont329532953295.eot]
[www.ecchouk.co.uk/assets/fonts/fontawesome-webfontd41dd41dd41d.eot]
[www.ecchouk.co.uk/assets/fonts/fontawesome-webfont329532953295.woff2]
[www.ecchouk.co.uk/assets/fonts/fontawesome-webfont329532953295.woff]
[www.ecchouk.co.uk/assets/fonts/fontawesome-webfont329532953295.ttf]
[www.ecchouk.co.uk/assets/css/icons.min.css]
[www.ecchouk.co.uk/assets/css/owl.video.play.png]
[www.ecchouk.co.uk/assets/css/plugins.css]
[www.ecchouk.co.uk/assets/img/icon-img/section-shape.png]
[www.ecchouk.co.uk/assets/img/icon-img/section-shape-2.png]
[www.ecchouk.co.uk/assets/img/icon-img/section-shape-3.png]
[www.ecchouk.co.uk/assets/img/icon-img/section-shape-4.png]
[www.ecchouk.co.uk/assets/img/bg/bg-5.jpg]
[www.ecchouk.co.uk/assets/img/icon-img/register-shape-1.png]
[www.ecchouk.co.uk/assets/img/icon-img/register-shape-2.png]
[www.ecchouk.co.uk/assets/img/icon-img/discount.png]
[www.ecchouk.co.uk/assets/img/icon-img/angle-down.png]
[www.ecchouk.co.uk/assets/img/icon-img/select-2.png]
[www.ecchouk.co.uk/assets/img/icon-img/cart.png]
[www.ecchouk.co.uk/assets/css/style.css]
[www.ecchouk.co.uk/cdn.jsdelivr.net/npm/bootstrap@5.3.0/dist/js/bootstrap.bundle.min.html]
[www.ecchouk.co.uk/assets/img/logo/eccho-c.jpg]
[www.ecchouk.co.uk/assets/img/logo/icef.pdf]
[www.ecchouk.co.uk/assets/img/about-us.jpg]
[www.ecchouk.co.uk/assets/img/bg/bg-8.jpg]
[www.ecchouk.co.uk/assets/img/icon-img/service-9.png]
[www.ecchouk.co.uk/assets/img/icon-img/service-10.png]
[www.ecchouk.co.uk/assets/img/icon-img/service-11.png]
[www.ecchouk.co.uk/assets/img/icon-img/service-12.png]
[www.ecchouk.co.uk/assets/img/banner/about.png]
[www.ecchouk.co.uk/assets/img/our-vision.png]
[www.ecchouk.co.uk/assets/img/bg/bg-6.jpg]
[www.ecchouk.co.uk/assets/img/icon-img/funfact-1.png]
[www.ecchouk.co.uk/assets/img/icon-img/funfact-2.png]
[www.ecchouk.co.uk/about-us.html]
[www.ecchouk.co.uk/assets/img/services-background.jpg]
[www.ecchouk.co.uk/assets/img/overseas-education-counselling.png]
[www.ecchouk.co.uk/assets/img/test-preparation.png]
[www.ecchouk.co.uk/assets/img/bg/bg-7.jpg]
[www.ecchouk.co.uk/assets/img/program-and-university-selection.png]
[www.ecchouk.co.uk/assets/img/application-admission-assistance.png]
[www.ecchouk.co.uk/assets/img/financial-aid.png]
[www.ecchouk.co.uk/assets/img/visa-processing.png]
[www.ecchouk.co.uk/assets/img/bg/bg-3.jpg]
[www.ecchouk.co.uk/assets/img/pre-departure-briefing.png]
[www.ecchouk.co.uk/assets/img/travel-assistance.png]
[www.ecchouk.co.uk/services.html]
[www.ecchouk.co.uk/assets/img/study-in-london.jpg]
[www.ecchouk.co.uk/assets/img/uk/International-Students.jpg]
[www.ecchouk.co.uk/assets/img/uk/why-study-in-UK.jpg]
[www.ecchouk.co.uk/assets/img/uk/Qualifying-Exams-and-Coaching.jpg]
[www.ecchouk.co.uk/assets/img/uk/Cost-of-Education.jpg]
[www.ecchouk.co.uk/assets/img/uk/Scholarships-to-Study.jpg]
[www.ecchouk.co.uk/study-in-united-kingdom.html]
[www.ecchouk.co.uk/assets/img/study-in-ireland.jpg]
[www.ecchouk.co.uk/assets/img/ireland/International-Students.jpg]
[www.ecchouk.co.uk/assets/img/ireland/why-study-in-ireland.jpg]
[www.ecchouk.co.uk/assets/img/ireland/Qualifying-Exams-and-Coaching.jpg]
[www.ecchouk.co.uk/assets/img/ireland/Cost-of-Education.jpg]
[www.ecchouk.co.uk/assets/img/ireland/Essential-Info.jpg]
[www.ecchouk.co.uk/study-in-ireland.html]
[www.ecchouk.co.uk/assets/img/study-in-canada.jpg]
[www.ecchouk.co.uk/assets/img/canada/International-Students.jpg]
[www.ecchouk.co.uk/assets/img/canada/why-study-in-canada.jpg]
[www.ecchouk.co.uk/assets/img/canada/Qualifying-Exams-and-Coaching.jpg]
[www.ecchouk.co.uk/assets/img/canada/Cost-of-Education.jpg]
[www.ecchouk.co.uk/assets/img/canada/Essential-Info.jpg]
[www.ecchouk.co.uk/study-in-canada.html]
[www.ecchouk.co.uk/assets/img/study-in-usa.jpg]
[www.ecchouk.co.uk/assets/img/usa/International-Students.jpg]
[www.ecchouk.co.uk/assets/img/usa/why-study-in-usa.jpg]
[www.ecchouk.co.uk/assets/img/usa/Qualifying-Exams-and-Coaching.jpg]
[www.ecchouk.co.uk/assets/img/usa/Cost-of-Education.jpg]
[www.ecchouk.co.uk/study-in-usa.html]
[www.ecchouk.co.uk/assets/img/study-in-sydny.jpg]
[www.ecchouk.co.uk/assets/img/australia/International-Students.jpg]
[www.ecchouk.co.uk/assets/img/australia/why-study-in-australia.jpg]
[www.ecchouk.co.uk/assets/img/australia/Qualifying-Exams-and-Coaching.jpg]
[www.ecchouk.co.uk/assets/img/australia/Cost-of-Education.jpg]
[www.ecchouk.co.uk/assets/img/australia/Scholarships-to-Study.jpg]
[www.ecchouk.co.uk/study-in-australia.html]
[www.ecchouk.co.uk/assets/img/study-in-germany.jpg]
[www.ecchouk.co.uk/assets/img/germany/International-Students.jpg]
[www.ecchouk.co.uk/assets/img/germany/why-study-in-germany.jpg]
[www.ecchouk.co.uk/assets/img/germany/Qualifying-Exams-and-Coaching.jpg]
[www.ecchouk.co.uk/assets/img/germany/Cost-of-Education.jpg]
[www.ecchouk.co.uk/assets/img/germany/Scholarships-to-Study.jpg]
[www.ecchouk.co.uk/study-in-germany.html]
[www.ecchouk.co.uk/assets/img/contact-background.jpg]
[www.ecchouk.co.uk/assets/img/slider/slider-4.jpg]
[www.ecchouk.co.uk/contact.html]
[www.ecchouk.co.uk/assets/fonts/fontawesome-webfont329532953295.svg]
[www.ecchouk.co.uk/assets/css/animate.html]
[www.ecchouk.co.uk/index-3.html]
